
> backend@0.0.1 build
> nest build

node.exe : [96msrc/filme/
dto/update-filme.dto.ts[0
m:[93m1[0m:[93m29[0m 
- [91merror[0m[90m 
TS2307: [0mCannot find 
module 
'@nestjs/mapped-types' or 
its corresponding type 
declarations.
No linha:1 caractere:1
+ & "C:\Program 
Files\nodejs/node.exe" 
"C:\Program 
Files\nodejs/node_mo ...
+ ~~~~~~~~~~~~~~~~~~~~~~~~
~~~~~~~~~~~~~~~~~~~~~~~~~~
~~~~~~~~~~~~~~~~~~~
    + CategoryInfo        
      : NotSpecified: (  
  [96msrc/filme/...e de   
 clarations.:String) [    
], RemoteException
    + FullyQualifiedError 
   Id : NativeCommandErr  
  or
 

[7m1[0m import { 
PartialType } from 
'@nestjs/mapped-types';
[7m [0m [91m           
                 
~~~~~~~~~~~~~~~~~~~~~~[0m
[96msrc/genero/dto/update
-genero.dto.ts[0m:[93m1
[0m:[93m29[0m - 
[91merror[0m[90m 
TS2307: [0mCannot find 
module 
'@nestjs/mapped-types' or 
its corresponding type 
declarations.

[7m1[0m import { 
PartialType } from 
'@nestjs/mapped-types';
[7m [0m [91m           
                 
~~~~~~~~~~~~~~~~~~~~~~[0m
[96msrc/genero/genero.ser
vice.ts[0m:[93m30[0m:[
93m13[0m - 
[91merror[0m[90m 
TS2339: [0mProperty 
'nome' does not exist on 
type 'UpdateGeneroDto'.

[7m30[0m     if 
(dto.nome) {
[7m  [0m [91m          
  ~~~~[0m
[96msrc/genero/genero.ser
vice.ts[0m:[93m32[0m:[
93m28[0m - 
[91merror[0m[90m 
TS2339: [0mProperty 
'nome' does not exist on 
type 'UpdateGeneroDto'.

[7m32[0m         where: 
{ nome: dto.nome, NOT: { 
id } },
[7m  [0m [91m          
                 ~~~~[0m
[96msrc/lanche-combo/dto/
update-lanche-combo.dto.ts
[0m:[93m1[0m:[93m29[0
m - [91merror[0m[90m 
TS2307: [0mCannot find 
module 
'@nestjs/mapped-types' or 
its corresponding type 
declarations.

[7m1[0m import { 
PartialType } from 
'@nestjs/mapped-types';
[7m [0m [91m           
                 
~~~~~~~~~~~~~~~~~~~~~~[0m
[96msrc/sala/dto/update-s
ala.dto.ts[0m:[93m1[0m:
[93m29[0m - 
[91merror[0m[90m 
TS2307: [0mCannot find 
module 
'@nestjs/mapped-types' or 
its corresponding type 
declarations.

[7m1[0m import { 
PartialType } from 
'@nestjs/mapped-types';
[7m [0m [91m           
                 
~~~~~~~~~~~~~~~~~~~~~~[0m
[96msrc/sala/sala.service
.ts[0m:[93m28[0m:[93m1
3[0m - 
[91merror[0m[90m 
TS2339: [0mProperty 
'numero' does not exist 
on type 'UpdateSalaDto'.

[7m28[0m     if 
(dto.numero) {
[7m  [0m [91m          
  ~~~~~~[0m
[96msrc/sala/sala.service
.ts[0m:[93m30[0m:[93m3
0[0m - 
[91merror[0m[90m 
TS2339: [0mProperty 
'numero' does not exist 
on type 'UpdateSalaDto'.

[7m30[0m         where: 
{ numero: dto.numero, 
NOT: { id } },
[7m  [0m [91m          
                   
~~~~~~[0m
[96msrc/sessao/dto/update
-sessao.dto.ts[0m:[93m1
[0m:[93m29[0m - 
[91merror[0m[90m 
TS2307: [0mCannot find 
module 
'@nestjs/mapped-types' or 
its corresponding type 
declarations.

[7m1[0m import { 
PartialType } from 
'@nestjs/mapped-types';
[7m [0m [91m           
                 
~~~~~~~~~~~~~~~~~~~~~~[0m
[96msrc/sessao/sessao.ser
vice.ts[0m:[93m99[0m:[
93m25[0m - 
[91merror[0m[90m 
TS2339: [0mProperty 
'filmeId' does not exist 
on type 'UpdateSessaoDto'.

[7m99[0m     const 
filmeId = dto.filmeId ?? 
sessaoAtual.filmeId;
[7m  [0m [91m          
              ~~~~~~~[0m
[96msrc/sessao/sessao.ser
vice.ts[0m:[93m100[0m:
[93m24[0m - 
[91merror[0m[90m 
TS2339: [0mProperty 
'salaId' does not exist 
on type 'UpdateSessaoDto'.

[7m100[0m     const 
salaId = dto.salaId ?? 
sessaoAtual.salaId;
[7m   [0m [91m         
              ~~~~~~[0m
[96msrc/sessao/sessao.ser
vice.ts[0m:[93m101[0m:
[93m31[0m - 
[91merror[0m[90m 
TS2339: [0mProperty 
'horarioInicio' does not 
exist on type 
'UpdateSessaoDto'.

[7m101[0m     const 
horarioInicio = 
dto.horarioInicio
[7m   [0m [91m         
                     
~~~~~~~~~~~~~[0m
[96msrc/sessao/sessao.ser
vice.ts[0m:[93m102[0m:
[93m22[0m - 
[91merror[0m[90m 
TS2339: [0mProperty 
'horarioInicio' does not 
exist on type 
'UpdateSessaoDto'.

[7m102[0m       ? new 
Date(dto.horarioInicio)
[7m   [0m [91m         
            
~~~~~~~~~~~~~[0m
[96msrc/sessao/sessao.ser
vice.ts[0m:[93m111[0m:
[93m17[0m - 
[91merror[0m[90m 
TS2339: [0mProperty 
'filmeId' does not exist 
on type 'UpdateSessaoDto'.

[7m111[0m         
...(dto.filmeId !== 
undefined && { filmeId: 
dto.filmeId }),
[7m   [0m [91m         
       ~~~~~~~[0m
[96msrc/sessao/sessao.ser
vice.ts[0m:[93m111[0m:
[93m57[0m - 
[91merror[0m[90m 
TS2339: [0mProperty 
'filmeId' does not exist 
on type 'UpdateSessaoDto'.

[7m111[0m         
...(dto.filmeId !== 
undefined && { filmeId: 
dto.filmeId }),
[7m   [0m [91m         
                          
                     
~~~~~~~[0m
[96msrc/sessao/sessao.ser
vice.ts[0m:[93m112[0m:
[93m17[0m - 
[91merror[0m[90m 
TS2339: [0mProperty 
'salaId' does not exist 
on type 'UpdateSessaoDto'.

[7m112[0m         
...(dto.salaId !== 
undefined && { salaId: 
dto.salaId }),
[7m   [0m [91m         
       ~~~~~~[0m
[96msrc/sessao/sessao.ser
vice.ts[0m:[93m112[0m:
[93m55[0m - 
[91merror[0m[90m 
TS2339: [0mProperty 
'salaId' does not exist 
on type 'UpdateSessaoDto'.

[7m112[0m         
...(dto.salaId !== 
undefined && { salaId: 
dto.salaId }),
[7m   [0m [91m         
                          
                   
~~~~~~[0m
[96msrc/sessao/sessao.ser
vice.ts[0m:[93m113[0m:
[93m17[0m - 
[91merror[0m[90m 
TS2339: [0mProperty 
'horarioInicio' does not 
exist on type 
'UpdateSessaoDto'.

[7m113[0m         
...(dto.horarioInicio !== 
undefined && { 
horarioInicio: new 
Date(dto.horarioInicio) 
}),
[7m   [0m [91m         
       ~~~~~~~~~~~~~[0m
[96msrc/sessao/sessao.ser
vice.ts[0m:[93m113[0m:
[93m78[0m - 
[91merror[0m[90m 
TS2339: [0mProperty 
'horarioInicio' does not 
exist on type 
'UpdateSessaoDto'.

[7m113[0m         
...(dto.horarioInicio !== 
undefined && { 
horarioInicio: new 
Date(dto.horarioInicio) 
}),
[7m   [0m [91m         
                          
                          
                
~~~~~~~~~~~~~[0m
[96msrc/sessao/sessao.ser
vice.ts[0m:[93m114[0m:
[93m17[0m - 
[91merror[0m[90m 
TS2339: [0mProperty 
'valorIngresso' does not 
exist on type 
'UpdateSessaoDto'.

[7m114[0m         
...(dto.valorIngresso !== 
undefined && { 
valorIngresso: 
dto.valorIngresso }),
[7m   [0m [91m         
       ~~~~~~~~~~~~~[0m
[96msrc/sessao/sessao.ser
vice.ts[0m:[93m114[0m:
[93m69[0m - 
[91merror[0m[90m 
TS2339: [0mProperty 
'valorIngresso' does not 
exist on type 
'UpdateSessaoDto'.

[7m114[0m         
...(dto.valorIngresso !== 
undefined && { 
valorIngresso: 
dto.valorIngresso }),
[7m   [0m [91m         
                          
                          
       ~~~~~~~~~~~~~[0m

Found 21 error(s).

